2025-04-30T12:23:55.360Z|0x71f4|Using pre-set license
2025-04-30T12:23:55.360Z|0x71f4|Built from '6000.0/staging' branch; Version is '6000.0.37f1 (090b7797214c) revision 592759'; Using compiler version '193933523'; Build Type 'Release'
2025-04-30T12:23:55.361Z|0x71f4|OS: 'Windows 11  (10.0.26100) 64bit CoreSingleLanguage' Language: 'en' Physical Memory: 16068 MB
2025-04-30T12:23:55.361Z|0x71f4|BatchMode: 1, IsHumanControllingUs: 0, StartBugReporterOnCrash: 0, Is64bit: 1, IsPro: 1
2025-04-30T12:23:55.366Z|0x71f4|
COMMAND LINE ARGUMENTS:
2025-04-30T12:23:55.366Z|0x71f4|C:\Program Files\Unity\Hub\Editor\6000.0.37f1\Editor\Unity.exe
2025-04-30T12:23:55.366Z|0x71f4|-adb2
2025-04-30T12:23:55.366Z|0x71f4|-batchMode
2025-04-30T12:23:55.366Z|0x71f4|-noUpm
2025-04-30T12:23:55.366Z|0x71f4|-name
2025-04-30T12:23:55.366Z|0x71f4|AssetImportWorker7
2025-04-30T12:23:55.366Z|0x71f4|-projectPath
2025-04-30T12:23:55.366Z|0x71f4|C:/Users/abc4d/Documents/MyDreamgame/Unity Projets/HME/Hold My Egg
2025-04-30T12:23:55.366Z|0x71f4|-logFile
2025-04-30T12:23:55.366Z|0x71f4|Logs/AssetImportWorker7.log
2025-04-30T12:23:55.366Z|0x71f4|-srvPort
2025-04-30T12:23:55.367Z|0x71f4|52348
2025-04-30T12:23:55.367Z|0x71f4|-job-worker-count
2025-04-30T12:23:55.367Z|0x71f4|9
2025-04-30T12:23:55.367Z|0x71f4|-background-job-worker-count
2025-04-30T12:23:55.367Z|0x71f4|8
2025-04-30T12:23:55.367Z|0x71f4|-gc-helper-count
2025-04-30T12:23:55.367Z|0x71f4|1
2025-04-30T12:23:55.367Z|0x71f4|Successfully changed project path to: C:/Users/abc4d/Documents/MyDreamgame/Unity Projets/HME/Hold My Egg
2025-04-30T12:23:55.379Z|0x71f4|C:/Users/abc4d/Documents/MyDreamgame/Unity Projets/HME/Hold My Egg
2025-04-30T12:23:55.379Z|0x71f4|[UnityMemory] Configuration Parameters - Can be set up in boot.config
2025-04-30T12:23:55.379Z|0x71f4|    "memorysetup-bucket-allocator-granularity=16"
2025-04-30T12:23:55.380Z|0x71f4|    "memorysetup-bucket-allocator-bucket-count=8"
2025-04-30T12:23:55.380Z|0x71f4|    "memorysetup-bucket-allocator-block-size=33554432"
2025-04-30T12:23:55.380Z|0x71f4|    "memorysetup-bucket-allocator-block-count=8"
2025-04-30T12:23:55.380Z|0x71f4|    "memorysetup-main-allocator-block-size=16777216"
2025-04-30T12:23:55.380Z|0x71f4|    "memorysetup-thread-allocator-block-size=16777216"
2025-04-30T12:23:55.380Z|0x71f4|    "memorysetup-gfx-main-allocator-block-size=16777216"
2025-04-30T12:23:55.380Z|0x71f4|    "memorysetup-gfx-thread-allocator-block-size=16777216"
2025-04-30T12:23:55.380Z|0x71f4|    "memorysetup-cache-allocator-block-size=4194304"
2025-04-30T12:23:55.380Z|0x71f4|    "memorysetup-typetree-allocator-block-size=2097152"
2025-04-30T12:23:55.380Z|0x71f4|    "memorysetup-profiler-bucket-allocator-granularity=16"
2025-04-30T12:23:55.380Z|0x71f4|    "memorysetup-profiler-bucket-allocator-bucket-count=8"
2025-04-30T12:23:55.380Z|0x71f4|    "memorysetup-profiler-bucket-allocator-block-size=33554432"
2025-04-30T12:23:55.380Z|0x71f4|    "memorysetup-profiler-bucket-allocator-block-count=8"
2025-04-30T12:23:55.380Z|0x71f4|    "memorysetup-profiler-allocator-block-size=16777216"
2025-04-30T12:23:55.380Z|0x71f4|    "memorysetup-profiler-editor-allocator-block-size=1048576"
2025-04-30T12:23:55.380Z|0x71f4|    "memorysetup-temp-allocator-size-main=16777216"
2025-04-30T12:23:55.380Z|0x71f4|    "memorysetup-job-temp-allocator-block-size=2097152"
2025-04-30T12:23:55.380Z|0x71f4|    "memorysetup-job-temp-allocator-block-size-background=1048576"
2025-04-30T12:23:55.380Z|0x71f4|    "memorysetup-job-temp-allocator-reduction-small-platforms=262144"
2025-04-30T12:23:55.380Z|0x71f4|    "memorysetup-allocator-temp-initial-block-size-main=262144"
2025-04-30T12:23:55.380Z|0x71f4|    "memorysetup-allocator-temp-initial-block-size-worker=262144"
2025-04-30T12:23:55.380Z|0x71f4|    "memorysetup-temp-allocator-size-background-worker=32768"
2025-04-30T12:23:55.380Z|0x71f4|    "memorysetup-temp-allocator-size-job-worker=262144"
2025-04-30T12:23:55.380Z|0x71f4|    "memorysetup-temp-allocator-size-preload-manager=33554432"
2025-04-30T12:23:55.380Z|0x71f4|    "memorysetup-temp-allocator-size-nav-mesh-worker=65536"
2025-04-30T12:23:55.380Z|0x71f4|    "memorysetup-temp-allocator-size-audio-worker=65536"
2025-04-30T12:23:55.380Z|0x71f4|    "memorysetup-temp-allocator-size-cloud-worker=32768"
2025-04-30T12:23:55.380Z|0x71f4|    "memorysetup-temp-allocator-size-gi-baking-worker=262144"
2025-04-30T12:23:55.380Z|0x71f4|    "memorysetup-temp-allocator-size-gi-baking-worker=262144"
2025-04-30T12:23:55.380Z|0x71f4|    "memorysetup-temp-allocator-size-gi-baking-worker=262144"
2025-04-30T12:23:55.380Z|0x71f4|    "memorysetup-temp-allocator-size-gi-baking-worker=262144"
2025-04-30T12:23:55.380Z|0x71f4|    "memorysetup-temp-allocator-size-gi-baking-worker=262144"
2025-04-30T12:23:55.380Z|0x71f4|    "memorysetup-temp-allocator-size-gfx=262144"
2025-04-30T12:23:55.388Z|0x71f4|Player connection [29172]  Target information:

2025-04-30T12:23:55.388Z|0x71f4|Player connection [29172]  * "[IP] 192.168.0.100 [Port] 0 [Flags] 2 [Guid] 2946224259 [EditorId] 2946224259 [Version] 1048832 [Id] WindowsEditor(7,MyPrideGames) [Debug] 1 [PackageName] WindowsEditor [ProjectName] Editor" 

2025-04-30T12:23:55.390Z|0x71f4|Player connection [29172] Host joined multi-casting on [225.0.0.222:54997]...
2025-04-30T12:23:55.391Z|0x71f4|Player connection [29172] Host joined alternative multi-casting on [225.0.0.222:34997]...
2025-04-30T12:23:55.391Z|0x71f4|JobSystem: Creating JobQueue using job-worker-count value 9
2025-04-30T12:23:55.395Z|0x71f4|Input System module state changed to: Initialized.
2025-04-30T12:23:55.397Z|0x71f4|[Physics::Module] Initialized fallback backend.
2025-04-30T12:23:55.397Z|0x71f4|[Physics::Module] Id: 0xdecafbad
2025-04-30T12:23:55.450Z|0x71f4|Library Redirect Path: Library/
2025-04-30T12:23:55.488Z|0x71f4|[Physics::Module] Selected backend.
2025-04-30T12:23:55.488Z|0x71f4|[Physics::Module] Name: PhysX
2025-04-30T12:23:55.488Z|0x71f4|[Physics::Module] Id: 0xf2b8ea05
2025-04-30T12:23:55.488Z|0x71f4|[Physics::Module] SDK Version: 4.1.2
2025-04-30T12:23:55.488Z|0x71f4|[Physics::Module] Integration Version: 1.0.0
2025-04-30T12:23:55.488Z|0x71f4|[Physics::Module] Threading Mode: Multi-Threaded
2025-04-30T12:23:55.541Z|0x71f4|Refreshing native plugins compatible for Editor in 34.93 ms, found 3 plugins.
2025-04-30T12:23:55.541Z|0x71f4|Preloading 0 native plugins for Editor in 0.00 ms.
2025-04-30T12:23:55.541Z|0x71f4|Initialize engine version: 6000.0.37f1 (090b7797214c)
2025-04-30T12:23:55.541Z|0x71f4|[Subsystems] Discovering subsystems at path C:/Program Files/Unity/Hub/Editor/6000.0.37f1/Editor/Data/Resources/UnitySubsystems
2025-04-30T12:23:55.541Z|0x71f4|[Subsystems] Discovering subsystems at path C:/Users/abc4d/Documents/MyDreamgame/Unity Projets/HME/Hold My Egg/Assets
2025-04-30T12:23:55.542Z|0x71f4|GfxDevice: creating device client; kGfxThreadingModeNonThreaded
2025-04-30T12:23:55.892Z|0x71f4|Direct3D:
2025-04-30T12:23:55.892Z|0x71f4|    Version:  Direct3D 11.0 [level 11.1]
2025-04-30T12:23:55.892Z|0x71f4|    Renderer: NVIDIA GeForce RTX 3060 Laptop GPU (ID=0x2560)
2025-04-30T12:23:55.892Z|0x71f4|    Vendor:   NVIDIA
2025-04-30T12:23:55.892Z|0x71f4|    VRAM:     5996 MB
2025-04-30T12:23:55.892Z|0x71f4|    Driver:   32.0.15.7602
2025-04-30T12:23:56.122Z|0x71f4|Initialize mono
2025-04-30T12:23:56.122Z|0x71f4|Mono path[0] = 'C:/Program Files/Unity/Hub/Editor/6000.0.37f1/Editor/Data/Managed'
2025-04-30T12:23:56.122Z|0x71f4|Mono path[1] = 'C:/Program Files/Unity/Hub/Editor/6000.0.37f1/Editor/Data/MonoBleedingEdge/lib/mono/unityjit-win32'
2025-04-30T12:23:56.122Z|0x71f4|Mono config path = 'C:/Program Files/Unity/Hub/Editor/6000.0.37f1/Editor/Data/MonoBleedingEdge/etc'
2025-04-30T12:23:56.123Z|0x71f4|Using monoOptions --debugger-agent=transport=dt_socket,embedding=1,server=y,suspend=n,address=127.0.0.1:56332
2025-04-30T12:23:56.191Z|0x71f4|Begin MonoManager ReloadAssembly
2025-04-30T12:23:56.466Z|0x71f4|Registering precompiled unity dll's ...
2025-04-30T12:23:56.468Z|0x71f4|Register platform support module: C:/Program Files/Unity/Hub/Editor/6000.0.37f1/Editor/Data/PlaybackEngines/WebGLSupport/UnityEditor.WebGL.Extensions.dll
2025-04-30T12:23:56.471Z|0x71f4|Register platform support module: C:/Program Files/Unity/Hub/Editor/6000.0.37f1/Editor/Data/PlaybackEngines/WindowsStandaloneSupport/UnityEditor.WindowsStandalone.Extensions.dll
2025-04-30T12:23:56.474Z|0x71f4|Register platform support module: C:/Program Files/Unity/Hub/Editor/6000.0.37f1/Editor/Data/PlaybackEngines/AndroidPlayer/UnityEditor.Android.Extensions.dll
2025-04-30T12:23:56.476Z|0x71f4|Register platform support module: C:/Program Files/Unity/Hub/Editor/6000.0.37f1/Editor/Data/PlaybackEngines/iOSSupport/UnityEditor.iOS.Extensions.dll
2025-04-30T12:23:56.479Z|0x71f4|Registered in 0.013026 seconds.
2025-04-30T12:23:56.744Z|0x71f4|- Loaded All Assemblies, in  0.553 seconds
[usbmuxd] Start listen thread
[usbmuxd] Listen thread started
2025-04-30T12:23:56.817Z|0x71f4|Native extension for iOS target not found
2025-04-30T12:23:56.864Z|0x71f4|Native extension for Android target not found
2025-04-30T12:24:06.163Z|0x71f4|CommandWithNoStdoutInvokationFailure: Unable to start ADB server. Please make sure the Android SDK is installed and is properly configured in the Editor. See the Console for more details.
  at UnityEditor.Android.Command.RunWithShellExecute (System.String command, System.String args, System.String workingdir, System.String errorMsg) [0x00060] in <565f7828c10846ceaac1111c98ba0233>:0 
  at UnityEditor.Android.ADB.StartServer () [0x00013] in <565f7828c10846ceaac1111c98ba0233>:0 
  at UnityEditor.Android.ADB.Run (System.String[] command, UnityEditor.Android.Command+WaitingForProcessToExit waitingForProcessToExit, System.String errorMsg) [0x0000b] in <565f7828c10846ceaac1111c98ba0233>:0 
  at UnityEditor.Android.AndroidDeploymentTargetsExtension.GetKnownTargets (UnityEditor.DeploymentTargets.IDeploymentTargetsMainThreadContext context, UnityEditor.ProgressHandler progressHandler) [0x002ae] in <565f7828c10846ceaac1111c98ba0233>:0 
  at UnityEditor.Android.TargetScanWorker.ScanSync () [0x00049] in <565f7828c10846ceaac1111c98ba0233>:0 
  at UnityEditor.Android.TargetExtension.OnUsbDevicesChanged (UnityEditor.Hardware.UsbDevice[] usbDevices) [0x00087] in <565f7828c10846ceaac1111c98ba0233>:0 
  at UnityEditor.Android.TargetExtension.OnLoad () [0x000af] in <565f7828c10846ceaac1111c98ba0233>:0 
  at UnityEditor.Modules.ModuleManager.InitializePlatformSupportModules () [0x000ba] in <9e6ebc012b944bf1ac9a620fd8e232d1>:0 
UnityEngine.DebugLogHandler:Internal_LogException_Injected(Exception, IntPtr)
UnityEngine.DebugLogHandler:Internal_LogException(Exception, Object)
UnityEngine.DebugLogHandler:LogException(Exception, Object)
UnityEngine.Logger:LogException(Exception, Object)
UnityEngine.Debug:LogException(Exception)
UnityEditor.Modules.ModuleManager:InitializePlatformSupportModules()

2025-04-30T12:24:06.164Z|0x71f4|Native extension for WindowsStandalone target not found
2025-04-30T12:24:06.164Z|0x71f4|Native extension for WebGL target not found
2025-04-30T12:24:06.380Z|0x71f4|Mono: successfully reloaded assembly
2025-04-30T12:24:06.393Z|0x71f4|- Finished resetting the current domain, in  9.649 seconds
2025-04-30T12:24:06.393Z|0x71f4|Domain Reload Profiling: 10199ms
	BeginReloadAssembly (184ms)
		ExecutionOrderSort (0ms)
		DisableScriptedObjects (0ms)
		BackupInstance (0ms)
		ReleaseScriptingObjects (0ms)
		CreateAndSetChildDomain (1ms)
	RebuildCommonClasses (45ms)
	RebuildNativeTypeToScriptingClass (17ms)
	initialDomainReloadingComplete (76ms)
	LoadAllAssembliesAndSetupDomain (226ms)
		LoadAssemblies (181ms)
		RebuildTransferFunctionScriptingTraits (0ms)
		AnalyzeDomain (222ms)
			TypeCache.Refresh (220ms)
				TypeCache.ScanAssembly (205ms)
			BuildScriptInfoCaches (0ms)
			ResolveRequiredComponents (0ms)
	FinalizeReload (9650ms)
		ReleaseScriptCaches (0ms)
		RebuildScriptCaches (0ms)
		SetupLoadedEditorAssemblies (9606ms)
			LogAssemblyErrors (0ms)
			InitializePlatformSupportModulesInManaged (9391ms)
			SetLoadedEditorAssemblies (4ms)
			BeforeProcessingInitializeOnLoad (48ms)
			ProcessInitializeOnLoadAttributes (110ms)
			ProcessInitializeOnLoadMethodAttributes (54ms)
			AfterProcessingInitializeOnLoad (0ms)
			EditorAssembliesLoaded (0ms)
		ExecutionOrderSort2 (0ms)
		AwakeInstancesAfterBackupRestoration (0ms)
2025-04-30T12:24:06.567Z|0x71f4|========================================================================
2025-04-30T12:24:06.567Z|0x71f4|Worker process is ready to serve import requests
2025-04-30T12:24:06.567Z|0x71f4|Import Worker Mode flag is 0x00
2025-04-30T12:24:06.713Z|0x71f4|Begin MonoManager ReloadAssembly
Symbol file LoadedFromMemory is not a mono symbol file
2025-04-30T12:24:07.484Z|0x71f4|- Loaded All Assemblies, in  0.772 seconds
2025-04-30T12:24:07.734Z|0x71f4|Refreshing native plugins compatible for Editor in 23.59 ms, found 3 plugins.
2025-04-30T12:24:07.899Z|0x71f4|Native extension for iOS target not found
2025-04-30T12:24:07.906Z|0x71f4|Native extension for Android target not found
2025-04-30T12:24:07.909Z|0x71f4|Native extension for WindowsStandalone target not found
2025-04-30T12:24:07.909Z|0x71f4|Native extension for WebGL target not found
2025-04-30T12:24:08.230Z|0x71f4|Refreshing native plugins compatible for Editor in 18.62 ms, found 3 plugins.
2025-04-30T12:24:08.579Z|0x71f4|Mono: successfully reloaded assembly
2025-04-30T12:24:08.588Z|0x71f4|- Finished resetting the current domain, in  0.824 seconds
2025-04-30T12:24:08.588Z|0x71f4|Domain Reload Profiling: 1588ms
	BeginReloadAssembly (151ms)
		ExecutionOrderSort (0ms)
		DisableScriptedObjects (5ms)
		BackupInstance (0ms)
		ReleaseScriptingObjects (0ms)
		CreateAndSetChildDomain (26ms)
	RebuildCommonClasses (33ms)
	RebuildNativeTypeToScriptingClass (11ms)
	initialDomainReloadingComplete (36ms)
	LoadAllAssembliesAndSetupDomain (533ms)
		LoadAssemblies (404ms)
		RebuildTransferFunctionScriptingTraits (0ms)
		AnalyzeDomain (220ms)
			TypeCache.Refresh (156ms)
				TypeCache.ScanAssembly (138ms)
			BuildScriptInfoCaches (53ms)
			ResolveRequiredComponents (8ms)
	FinalizeReload (825ms)
		ReleaseScriptCaches (0ms)
		RebuildScriptCaches (0ms)
		SetupLoadedEditorAssemblies (682ms)
			LogAssemblyErrors (0ms)
			InitializePlatformSupportModulesInManaged (19ms)
			SetLoadedEditorAssemblies (5ms)
			BeforeProcessingInitializeOnLoad (111ms)
			ProcessInitializeOnLoadAttributes (340ms)
			ProcessInitializeOnLoadMethodAttributes (202ms)
			AfterProcessingInitializeOnLoad (6ms)
			EditorAssembliesLoaded (0ms)
		ExecutionOrderSort2 (0ms)
		AwakeInstancesAfterBackupRestoration (4ms)
2025-04-30T12:24:08.780Z|0x71f4|Launched and connected shader compiler UnityShaderCompiler.exe after 0.01 seconds
2025-04-30T12:24:09.208Z|0x71f4|Refreshing native plugins compatible for Editor in 42.84 ms, found 3 plugins.
2025-04-30T12:24:09.208Z|0x71f4|Preloading 0 native plugins for Editor in 0.00 ms.
2025-04-30T12:24:09.214Z|0x68bc|Unloading 224 Unused Serialized files (Serialized files now loaded: 0)
2025-04-30T12:24:09.235Z|0x71f4|Unloading 5731 unused Assets / (4.9 MB). Loaded Objects now: 6276.
Memory consumption went from 174.4 MB to 169.5 MB.
2025-04-30T12:24:09.235Z|0x71f4|Total: 20.373900 ms (FindLiveObjects: 1.086700 ms CreateObjectMapping: 0.463900 ms MarkObjects: 15.522400 ms  DeleteObjects: 3.298700 ms)

2025-04-30T12:24:42.266Z|0x71f4|========================================================================
Received Import Request.
  Time since last request: 1820.394881 seconds.
  path: Assets/_Assets/Scriptable Objects/Level Data/Level 5.asset
  artifactKey: Guid(5b31084775483504c99d034422cc6b54) Importer(815301076,1909f56bfc062723c751e8b465ee728b)
2025-04-30T12:24:42.284Z|0x71f4|Start importing Assets/_Assets/Scriptable Objects/Level Data/Level 5.asset using Guid(5b31084775483504c99d034422cc6b54) Importer(815301076,1909f56bfc062723c751e8b465ee728b) (PreviewImporter) -> (artifact id: '0831cffcb0de2466ca41d6e61612ae9f') in 0.0487866 seconds
2025-04-30T12:24:42.355Z|0x71f4|Number of updated asset objects reloaded before import = 0Number of asset objects unloaded after import = 90

2025-04-30T12:24:42.356Z|0x71f4|========================================================================
Received Import Request.
  Time since last request: 0.000024 seconds.
  path: Assets/_Assets/Scriptable Objects/Level Data/Level 14.asset
  artifactKey: Guid(ac019ed110953224b92f166e497da0db) Importer(815301076,1909f56bfc062723c751e8b465ee728b)
2025-04-30T12:24:42.366Z|0x71f4|Start importing Assets/_Assets/Scriptable Objects/Level Data/Level 14.asset using Guid(ac019ed110953224b92f166e497da0db) Importer(815301076,1909f56bfc062723c751e8b465ee728b) (PreviewImporter) -> (artifact id: '6dc6feca0ecb2c3f0e1ce5178ffd150f') in 0.0136414 seconds
2025-04-30T12:24:42.401Z|0x71f4|Number of updated asset objects reloaded before import = 0Number of asset objects unloaded after import = 266

2025-04-30T12:24:42.403Z|0x71f4|========================================================================
Received Import Request.
  Time since last request: 0.000034 seconds.
  path: Assets/_Assets/Scriptable Objects/Level Data/Level 17.asset
  artifactKey: Guid(5f49fdbbc9718614a91de86edae1745f) Importer(815301076,1909f56bfc062723c751e8b465ee728b)
2025-04-30T12:24:42.412Z|0x71f4|Start importing Assets/_Assets/Scriptable Objects/Level Data/Level 17.asset using Guid(5f49fdbbc9718614a91de86edae1745f) Importer(815301076,1909f56bfc062723c751e8b465ee728b) (PreviewImporter) -> (artifact id: 'ec87b0b9eab87fc13de15c74c35e6ae2') in 0.0115606 seconds
2025-04-30T12:24:42.443Z|0x71f4|Number of updated asset objects reloaded before import = 0Number of asset objects unloaded after import = 266

2025-04-30T12:24:42.443Z|0x71f4|========================================================================
Received Import Request.
  Time since last request: 0.000021 seconds.
  path: Assets/_Assets/Scriptable Objects/Level Data/Level 13.asset
  artifactKey: Guid(b6ee4d79394ea6d4a9c85f861ba89ef2) Importer(815301076,1909f56bfc062723c751e8b465ee728b)
2025-04-30T12:24:42.452Z|0x71f4|Start importing Assets/_Assets/Scriptable Objects/Level Data/Level 13.asset using Guid(b6ee4d79394ea6d4a9c85f861ba89ef2) Importer(815301076,1909f56bfc062723c751e8b465ee728b) (PreviewImporter) -> (artifact id: '356ae0871856d7ad6ef5c3c761b36b1e') in 0.0107027 seconds
2025-04-30T12:24:42.483Z|0x71f4|Number of updated asset objects reloaded before import = 0Number of asset objects unloaded after import = 266

2025-04-30T12:25:03.627Z|0x71f4|========================================================================
Received Import Request.
  Time since last request: 21.143819 seconds.
  path: Assets/_Assets/Custome Assets/HoldMyEgg-Complete/Main Menu/background.PNG
  artifactKey: Guid(affaf75710784f24986d73bd90884ec3) Importer(815301076,1909f56bfc062723c751e8b465ee728b)
2025-04-30T12:25:03.637Z|0x71f4|Start importing Assets/_Assets/Custome Assets/HoldMyEgg-Complete/Main Menu/background.PNG using Guid(affaf75710784f24986d73bd90884ec3) Importer(815301076,1909f56bfc062723c751e8b465ee728b) (PreviewImporter) -> (artifact id: 'bebc0d6043c792694c52bb475eb82387') in 0.0872998 seconds
2025-04-30T12:25:03.765Z|0x71f4|Number of updated asset objects reloaded before import = 0Number of asset objects unloaded after import = 3

2025-04-30T12:25:03.767Z|0x71f4|========================================================================
Received Import Request.
  Time since last request: 0.000027 seconds.
  path: Assets/_Assets/Custome Assets/HoldMyEgg-Complete/Settings/btn_close.PNG
  artifactKey: Guid(4b88339fabeccc147add35cc2d061efa) Importer(815301076,1909f56bfc062723c751e8b465ee728b)
2025-04-30T12:25:03.783Z|0x71f4|Start importing Assets/_Assets/Custome Assets/HoldMyEgg-Complete/Settings/btn_close.PNG using Guid(4b88339fabeccc147add35cc2d061efa) Importer(815301076,1909f56bfc062723c751e8b465ee728b) (PreviewImporter) -> (artifact id: 'df6af44ec16dc13ea58cb2199099da99') in 0.0144014 seconds
2025-04-30T12:25:03.819Z|0x71f4|Number of updated asset objects reloaded before import = 0Number of asset objects unloaded after import = 3

2025-04-30T12:25:03.819Z|0x71f4|========================================================================
Received Import Request.
  Time since last request: 0.000017 seconds.
  path: Assets/_Assets/Custome Assets/Egg game assets/shop/btn_shop.png
  artifactKey: Guid(48759e478f060c140abef3772cd556c1) Importer(815301076,1909f56bfc062723c751e8b465ee728b)
2025-04-30T12:25:03.826Z|0x71f4|Start importing Assets/_Assets/Custome Assets/Egg game assets/shop/btn_shop.png using Guid(48759e478f060c140abef3772cd556c1) Importer(815301076,1909f56bfc062723c751e8b465ee728b) (PreviewImporter) -> (artifact id: 'db2b4bff36c54131d5596151e281a971') in 0.017021 seconds
2025-04-30T12:25:03.869Z|0x71f4|Number of updated asset objects reloaded before import = 0Number of asset objects unloaded after import = 3

2025-04-30T12:25:03.869Z|0x71f4|========================================================================
Received Import Request.
  Time since last request: 0.000016 seconds.
  path: Assets/_Assets/Custome Assets/HoldMyEgg-Complete/game over/button.png
  artifactKey: Guid(37f2de7db776f6a45839486fc32aaef3) Importer(815301076,1909f56bfc062723c751e8b465ee728b)
2025-04-30T12:25:03.878Z|0x71f4|Start importing Assets/_Assets/Custome Assets/HoldMyEgg-Complete/game over/button.png using Guid(37f2de7db776f6a45839486fc32aaef3) Importer(815301076,1909f56bfc062723c751e8b465ee728b) (PreviewImporter) -> (artifact id: '924235b802778e4043e9e38123777e8c') in 0.0115307 seconds
2025-04-30T12:25:03.914Z|0x71f4|Number of updated asset objects reloaded before import = 0Number of asset objects unloaded after import = 3

2025-04-30T12:25:03.914Z|0x71f4|========================================================================
Received Import Request.
  Time since last request: 0.000022 seconds.
  path: Assets/_Assets/Custome Assets/HoldMyEgg-Complete/Main Menu/button.PNG
  artifactKey: Guid(64c418c141159cd418b0634590d4d8fa) Importer(815301076,1909f56bfc062723c751e8b465ee728b)
2025-04-30T12:25:03.922Z|0x71f4|Start importing Assets/_Assets/Custome Assets/HoldMyEgg-Complete/Main Menu/button.PNG using Guid(64c418c141159cd418b0634590d4d8fa) Importer(815301076,1909f56bfc062723c751e8b465ee728b) (PreviewImporter) -> (artifact id: '69557a8ec1f4426850f31cec89a79c62') in 0.0102828 seconds
2025-04-30T12:25:03.948Z|0x71f4|Number of updated asset objects reloaded before import = 0Number of asset objects unloaded after import = 3

2025-04-30T12:25:06.607Z|0x71f4|========================================================================
Received Import Request.
  Time since last request: 2.659115 seconds.
  path: Assets/_Assets/Custome Assets/HoldMyEgg-Complete/Main Menu/filler_1.PNG
  artifactKey: Guid(1c3ec3dca9af4c9409a0989dcc56968a) Importer(815301076,1909f56bfc062723c751e8b465ee728b)
2025-04-30T12:25:06.617Z|0x71f4|Start importing Assets/_Assets/Custome Assets/HoldMyEgg-Complete/Main Menu/filler_1.PNG using Guid(1c3ec3dca9af4c9409a0989dcc56968a) Importer(815301076,1909f56bfc062723c751e8b465ee728b) (PreviewImporter) -> (artifact id: 'e86b7ff290b5d0546ee370d4f9cb75a3') in 0.0142168 seconds
2025-04-30T12:25:06.658Z|0x71f4|Number of updated asset objects reloaded before import = 0Number of asset objects unloaded after import = 3

2025-04-30T12:25:10.666Z|0x71f4|========================================================================
Received Import Request.
  Time since last request: 4.008470 seconds.
  path: Assets/_Assets/Custome Assets/New Blue Bowl Top.png
  artifactKey: Guid(507b8516f6f07fd40b6154928bd90a1f) Importer(815301076,1909f56bfc062723c751e8b465ee728b)
2025-04-30T12:25:10.677Z|0x71f4|Start importing Assets/_Assets/Custome Assets/New Blue Bowl Top.png using Guid(507b8516f6f07fd40b6154928bd90a1f) Importer(815301076,1909f56bfc062723c751e8b465ee728b) (PreviewImporter) -> (artifact id: 'adff299d6d9321557e69f23a79193aa2') in 0.0162512 seconds
2025-04-30T12:25:10.716Z|0x71f4|Number of updated asset objects reloaded before import = 0Number of asset objects unloaded after import = 3

2025-04-30T12:25:10.716Z|0x71f4|========================================================================
Received Import Request.
  Time since last request: 0.000013 seconds.
  path: Assets/_Assets/Custome Assets/New Blue Egg Cracked.png
  artifactKey: Guid(79739585e70d0c846b43882a7a132c3b) Importer(815301076,1909f56bfc062723c751e8b465ee728b)
2025-04-30T12:25:10.726Z|0x71f4|Start importing Assets/_Assets/Custome Assets/New Blue Egg Cracked.png using Guid(79739585e70d0c846b43882a7a132c3b) Importer(815301076,1909f56bfc062723c751e8b465ee728b) (PreviewImporter) -> (artifact id: '92a0d232c9775c23f6d53aab672e2aa8') in 0.0117072 seconds
2025-04-30T12:25:10.756Z|0x71f4|Number of updated asset objects reloaded before import = 0Number of asset objects unloaded after import = 3

2025-04-30T12:25:10.860Z|0x71f4|========================================================================
Received Import Request.
  Time since last request: 0.104356 seconds.
  path: Assets/_Assets/Custome Assets/Egg game assets/level complete/HoldMYEgg Assets/Untitled-1 copy/Untitled-1 copy_00002.png
  artifactKey: Guid(827ec15f60b18984c8b6a1d6ca6e9a93) Importer(815301076,1909f56bfc062723c751e8b465ee728b)
2025-04-30T12:25:10.874Z|0x71f4|Start importing Assets/_Assets/Custome Assets/Egg game assets/level complete/HoldMYEgg Assets/Untitled-1 copy/Untitled-1 copy_00002.png using Guid(827ec15f60b18984c8b6a1d6ca6e9a93) Importer(815301076,1909f56bfc062723c751e8b465ee728b) (PreviewImporter) -> (artifact id: '0bd2157015869bbcb2a8678018ef9b89') in 0.0157436 seconds
2025-04-30T12:25:10.914Z|0x71f4|Number of updated asset objects reloaded before import = 0Number of asset objects unloaded after import = 3

2025-04-30T12:25:10.914Z|0x71f4|========================================================================
Received Import Request.
  Time since last request: 0.000012 seconds.
  path: Assets/_Assets/Custome Assets/Egg game assets/level complete/HoldMYEgg Assets/Untitled-1 copy/Untitled-1 copy_00005.png
  artifactKey: Guid(a2f882e03a33ec344ad6c1f35cf06c93) Importer(815301076,1909f56bfc062723c751e8b465ee728b)
2025-04-30T12:25:10.923Z|0x71f4|Start importing Assets/_Assets/Custome Assets/Egg game assets/level complete/HoldMYEgg Assets/Untitled-1 copy/Untitled-1 copy_00005.png using Guid(a2f882e03a33ec344ad6c1f35cf06c93) Importer(815301076,1909f56bfc062723c751e8b465ee728b) (PreviewImporter) -> (artifact id: '13c2fda4f367ef945b72cd53bb609699') in 0.0088472 seconds
2025-04-30T12:25:10.947Z|0x71f4|Number of updated asset objects reloaded before import = 0Number of asset objects unloaded after import = 3

2025-04-30T12:25:56.364Z|0x71f4|========================================================================
2025-04-30T12:25:56.364Z|0x71f4|Received Prepare
2025-04-30T12:25:56.587Z|0x71f4|Begin MonoManager ReloadAssembly
Symbol file LoadedFromMemory is not a mono symbol file
2025-04-30T12:25:57.477Z|0x71f4|- Loaded All Assemblies, in  0.889 seconds
2025-04-30T12:25:57.817Z|0x71f4|Refreshing native plugins compatible for Editor in 43.67 ms, found 3 plugins.
2025-04-30T12:25:58.040Z|0x71f4|Native extension for iOS target not found
2025-04-30T12:25:58.047Z|0x71f4|Native extension for Android target not found
2025-04-30T12:25:58.051Z|0x71f4|Native extension for WindowsStandalone target not found
2025-04-30T12:25:58.051Z|0x71f4|Native extension for WebGL target not found
2025-04-30T12:25:58.781Z|0x71f4|Mono: successfully reloaded assembly
2025-04-30T12:25:58.799Z|0x71f4|- Finished resetting the current domain, in  0.939 seconds
2025-04-30T12:25:58.800Z|0x71f4|Domain Reload Profiling: 1824ms
	BeginReloadAssembly (260ms)
		ExecutionOrderSort (0ms)
		DisableScriptedObjects (18ms)
		BackupInstance (0ms)
		ReleaseScriptingObjects (0ms)
		CreateAndSetChildDomain (65ms)
	RebuildCommonClasses (36ms)
	RebuildNativeTypeToScriptingClass (13ms)
	initialDomainReloadingComplete (43ms)
	LoadAllAssembliesAndSetupDomain (532ms)
		LoadAssemblies (482ms)
		RebuildTransferFunctionScriptingTraits (0ms)
		AnalyzeDomain (181ms)
			TypeCache.Refresh (10ms)
				TypeCache.ScanAssembly (1ms)
			BuildScriptInfoCaches (154ms)
			ResolveRequiredComponents (13ms)
	FinalizeReload (940ms)
		ReleaseScriptCaches (0ms)
		RebuildScriptCaches (0ms)
		SetupLoadedEditorAssemblies (733ms)
			LogAssemblyErrors (0ms)
			InitializePlatformSupportModulesInManaged (17ms)
			SetLoadedEditorAssemblies (6ms)
			BeforeProcessingInitializeOnLoad (138ms)
			ProcessInitializeOnLoadAttributes (389ms)
			ProcessInitializeOnLoadMethodAttributes (173ms)
			AfterProcessingInitializeOnLoad (10ms)
			EditorAssembliesLoaded (0ms)
		ExecutionOrderSort2 (0ms)
		AwakeInstancesAfterBackupRestoration (13ms)
2025-04-30T12:25:59.252Z|0x71f4|Refreshing native plugins compatible for Editor in 44.86 ms, found 3 plugins.
2025-04-30T12:25:59.252Z|0x71f4|Preloading 0 native plugins for Editor in 0.00 ms.
2025-04-30T12:25:59.254Z|0x89a8|Unloading 14 Unused Serialized files (Serialized files now loaded: 0)
2025-04-30T12:25:59.274Z|0x71f4|Unloading 5729 unused Assets / (5.4 MB). Loaded Objects now: 6303.
Memory consumption went from 150.1 MB to 144.6 MB.
2025-04-30T12:25:59.274Z|0x71f4|Total: 20.375900 ms (FindLiveObjects: 0.652100 ms CreateObjectMapping: 0.805000 ms MarkObjects: 14.604100 ms  DeleteObjects: 4.312200 ms)

2025-04-30T12:25:59.275Z|0x71f4|Prepare: number of updated asset objects reloaded= 0
2025-04-30T12:26:20.912Z|0x207c|Editor requested this worker to shutdown with reason: Scaling down because of idle timeout
2025-04-30T12:26:21.053Z|0x207c|AssetImportWorkerClient::OnTransportError - code=2 error=End of file
2025-04-30T12:26:21.055Z|0x71f4|AssetImportWorker is now disconnected from the server
2025-04-30T12:26:21.055Z|0x71f4|Process exiting
2025-04-30T12:26:21.055Z|0x71f4|Exiting without the bug reporter. Application will terminate with return code 0